// Jest Snapshot v1, https://goo.gl/fbAQLP

exports[`should render correctly 1`] = `
<TodoForm
  addItem={[Function]}
>
  <form
    className="todo-form"
    onSubmit={[Function]}
  >
    <input
      type="text"
    />
  </form>
</TodoForm>
`;
